../Drivers/CMSIS/Include/core_cm7.h:2229:22:SCB_EnableICache	4	static,ignoring_inline_asm
../Drivers/CMSIS/Include/core_cm7.h:2281:22:SCB_EnableDCache	24	static,ignoring_inline_asm
../Core/Src/main.c:97:5:main	32	static
../Core/Src/main.c:196:6:SystemClock_Config	88	static
../Core/Src/main.c:253:6:PeriphCommonClock_Config	144	static
../Core/Src/main.c:276:6:HAL_DAC_ConvCpltCallbackCh1	16	static
../Core/Src/main.c:281:6:HAL_DAC_ConvHalfCpltCallbackCh1	16	static
../Core/Src/main.c:294:6:HAL_TIM_PeriodElapsedCallback	16	static
../Core/Src/main.c:312:6:Error_Handler	8	static,ignoring_inline_asm
