../Core/Src/stm32f7xx_it.c:79:6:NMI_Handler	4	static
../Core/Src/stm32f7xx_it.c:93:6:HardFault_Handler	4	static
../Core/Src/stm32f7xx_it.c:108:6:MemManage_Handler	4	static
../Core/Src/stm32f7xx_it.c:123:6:BusFault_Handler	4	static
../Core/Src/stm32f7xx_it.c:138:6:UsageFault_Handler	4	static
../Core/Src/stm32f7xx_it.c:153:6:DebugMon_Handler	4	static
../Core/Src/stm32f7xx_it.c:173:6:DMA1_Stream5_IRQHandler	8	static
../Core/Src/stm32f7xx_it.c:187:6:EXTI15_10_IRQHandler	8	static
../Core/Src/stm32f7xx_it.c:201:6:SDMMC1_IRQHandler	8	static
../Core/Src/stm32f7xx_it.c:215:6:TIM6_DAC_IRQHandler	8	static
../Core/Src/stm32f7xx_it.c:232:6:TIM7_IRQHandler	8	static
../Core/Src/stm32f7xx_it.c:246:6:DMA2_Stream3_IRQHandler	8	static
../Core/Src/stm32f7xx_it.c:260:6:DMA2_Stream6_IRQHandler	8	static
../Core/Src/stm32f7xx_it.c:274:6:LTDC_IRQHandler	8	static
